x is Error: eval not yet implemented in P10Expression
identifier(x)
Error: eval not yet implemented in P10Expression
number(2)
0 
 